// Jest Snapshot v1, https://goo.gl/fbAQLP

exports[`LayOut page match snapshot 1`] = `ReactWrapper {}`;
